../Core/Src/main.c:85:14:compute_reward	32	static
../Core/Src/main.c:100:16:is_done	16	static
../Core/Src/main.c:109:13:on_train_begin	8	static
../Core/Src/main.c:122:13:prof_emit_row	240	static
../Core/Src/main.c:142:13:on_train_end	16	static
../Core/Src/main.c:169:5:main	320	static
../Core/Src/main.c:283:6:SystemClock_Config	88	static
../Core/Src/main.c:332:13:MX_USART2_UART_Init	8	static
../Core/Src/main.c:367:13:MX_GPIO_Init	48	static
../Core/Src/main.c:408:6:Error_Handler	4	static,ignoring_inline_asm
