../Core/Src/main.c:77:14:compute_reward	16	static
../Core/Src/main.c:93:16:is_done	16	static
../Core/Src/main.c:100:13:on_train_begin	8	static
../Core/Src/main.c:114:13:prof_emit_row	240	static
../Core/Src/main.c:134:13:on_train_end	16	static
../Core/Src/main.c:161:5:main	168	static
../Core/Src/main.c:273:6:SystemClock_Config	88	static
../Core/Src/main.c:321:13:MX_USART2_UART_Init	8	static
../Core/Src/main.c:354:13:MX_GPIO_Init	48	static
../Core/Src/main.c:394:6:Error_Handler	4	static,ignoring_inline_asm
