../Core/Src/neural_net.c:170:13:backward_from_delta	80	static
../Core/Src/neural_net.c:6:6:softmax	40	static
../Core/Src/neural_net.c:129:5:network_init	32	static
../Core/Src/neural_net.c:147:5:network_forward	96	static
../Core/Src/neural_net.c:266:6:actor_backward	80	static
../Core/Src/neural_net.c:293:6:critic_backward	16	static
../Core/Src/neural_net.c:298:6:network_zero_grad	24	static
../Core/Src/neural_net.c:310:7:network_clip_grad	4	static
../Core/Src/neural_net.c:334:6:network_adam_update	32	static
../Core/Src/neural_net.c:363:6:actor_forward_continuous	24	static
../Core/Src/neural_net.c:379:6:actor_backward_continuous	24	static
../Core/Src/neural_net.c:398:6:actor_forward	24	static
../Core/Src/neural_net.c:412:7:critic_forward	8	static
