../Core/Src/ppo.c:27:5:rollout_buffer_init	24	static
../Core/Src/ppo.c:62:6:rollout_buffer_free	8	static
../Core/Src/ppo.c:72:6:rollout_buffer_push	40	static
../Core/Src/ppo.c:101:6:compute_gae	16	static
../Core/Src/ppo.c:115:6:normalize_advantages	4	static
../Core/Src/ppo.c:139:6:ppo_sigma_init	0	static
../Core/Src/ppo.c:145:6:ppo_sigma_decay	0	static
../Core/Src/ppo.c:163:6:actor_sample_action	64	static
../Core/Src/ppo.c:218:6:ppo_update	200	static
../Core/Src/ppo.c:344:5:ppo_agent_init	16	static
../Core/Src/ppo.c:383:6:ppo_step	96	static
