../Core/Src/ppo.c:15:5:rollout_buffer_init	24	static
../Core/Src/ppo.c:43:6:rollout_buffer_push	48	static
../Core/Src/ppo.c:74:6:compute_gae	48	static
../Core/Src/ppo.c:88:6:normalize_advantages	48	static
../Core/Src/ppo.c:114:6:ppo_sigma_init	16	static
../Core/Src/ppo.c:120:6:ppo_sigma_decay	16	static
../Core/Src/ppo.c:129:14:randn	8	static
../Core/Src/ppo.c:133:6:actor_sample_action	72	static
../Core/Src/ppo.c:190:6:ppo_update	336	static
../Core/Src/ppo.c:339:5:ppo_agent_init	24	static
../Core/Src/ppo.c:377:6:ppo_step	72	static
