../Core/Src/reinforce.c:20:21:frand	8	static
../Core/Src/reinforce.c:23:5:buffer_init	40	static
../Core/Src/reinforce.c:60:5:uart_recv_floats	72	dynamic
../Core/Src/reinforce.c:87:5:uart_send_action	32	static
../Core/Src/reinforce.c:101:5:uart_send_log	40	static
../Core/Src/reinforce.c:121:10:sample_action	32	static
../Core/Src/reinforce.c:140:7:sample_continuous_action	40	static
../Core/Src/reinforce.c:159:6:store_step	32	static
../Core/Src/reinforce.c:167:5:step	72	dynamic
../Core/Src/reinforce.c:207:10:finish_episode	120	static
../Core/Src/reinforce.c:296:9:done_check	16	static
../Core/Src/reinforce.c:305:7:evaluate_reward	16	static
../Core/Src/reinforce.c:384:5:uart_send_weights	56	static
../Core/Src/reinforce.c:402:5:uart_send_debug_batch	48	static
